// Jest Snapshot v1, https://goo.gl/fbAQLP

exports[`<PageHeader /> matches snapshot 1`] = `
<DocumentFragment>
  <div
    class="sc-bdVaJa dgUUwq"
  >
    Header
  </div>
</DocumentFragment>
`;
